// Jest Snapshot v1, https://goo.gl/fbAQLP

exports[`Tester/Help (intern) ClickCloseButton play-test 1`] = `
<div data-test-block="true">
  <button class="IconButton_button__mw9sG IconButton_button_extraSmall__3+QfY IconButton_button_outlined__aDbNH Help_helpButton__I0E-6"
          type="button"
          aria-expanded="false"
  >
    <svg class="Icon_systemIcon__1p1Xl Icon_systemIcon_medium__VmCFz IconButton_icon__1J4sN"
         viewbox="0 0 24 24"
         focusable="false"
         aria-labelledby="svgtitle-:ra:"
         aria-hidden="false"
         role="img"
    >
      <title id="svgtitle-:ra:">
        Hjelp
      </title>
      <path d="M10 19h3v3h-3v-3Zm2-17c5.35.22 7.68 5.62 4.5 9.67-.83 1-2.17 1.66-2.83 2.5C13 15 13 16 13 17h-3c0-1.67 0-3.08.67-4.08.66-1 2-1.59 2.83-2.25C15.92 8.43 15.32 5.26 12 5a3 3 0 0 0-3 3H6a6 6 0 0 1 6-6Z">
      </path>
    </svg>
  </button>
</div>
`;

exports[`Tester/Help (intern) ClickHelpButton play-test 1`] = `
<div data-test-block="true">
  <button class="IconButton_button__mw9sG IconButton_button_extraSmall__3+QfY IconButton_button_outlined__aDbNH Help_helpButton__I0E-6"
          type="button"
          aria-expanded="false"
  >
    <svg class="Icon_systemIcon__1p1Xl Icon_systemIcon_medium__VmCFz IconButton_icon__1J4sN"
         viewbox="0 0 24 24"
         focusable="false"
         aria-labelledby="svgtitle-:r8:"
         aria-hidden="false"
         role="img"
    >
      <title id="svgtitle-:r8:">
        Hjelp
      </title>
      <path d="M10 19h3v3h-3v-3Zm2-17c5.35.22 7.68 5.62 4.5 9.67-.83 1-2.17 1.66-2.83 2.5C13 15 13 16 13 17h-3c0-1.67 0-3.08.67-4.08.66-1 2-1.59 2.83-2.25C15.92 8.43 15.32 5.26 12 5a3 3 0 0 0-3 3H6a6 6 0 0 1 6-6Z">
      </path>
    </svg>
  </button>
</div>
`;

exports[`Tester/Help (intern) Defaults play-test 1`] = `
<div data-test-block="true">
</div>
`;

exports[`Tester/Help (intern) WithDescription play-test 1`] = `
<div data-test-block="true">
  <div class="Help_description__niabw">
    En liten beskrivelse
  </div>
</div>
`;

exports[`Tester/Help (intern) WithHelpSvgPathTitleHelpSvgAndTargetId play-test 1`] = `
<div data-test-block="true">
  <button class="IconButton_button__mw9sG IconButton_button_extraSmall__3+QfY IconButton_button_outlined__aDbNH Help_helpButton__I0E-6"
          type="button"
          aria-describedby="storybook-root"
          aria-expanded="false"
  >
    <svg class="Icon_systemIcon__1p1Xl Icon_systemIcon_medium__VmCFz IconButton_icon__1J4sN"
         viewbox="0 0 24 24"
         focusable="false"
         aria-labelledby="svgtitle-:r6:"
         aria-hidden="false"
         role="img"
    >
      <title id="svgtitle-:r6:">
        Tooltip
      </title>
      <path d="M13 14h-2v-4h2v4Zm0 4h-2v-2h2v2ZM1 21h22L12 2 1 21Z">
      </path>
    </svg>
  </button>
</div>
`;

exports[`Tester/Help (intern) WithHelpTextAndDescription smoke-test 1`] = `
<div data-test-block="true">
  <button class="IconButton_button__mw9sG IconButton_button_extraSmall__3+QfY IconButton_button_outlined__aDbNH Help_helpButton__I0E-6"
          type="button"
          aria-expanded="false"
  >
    <svg class="Icon_systemIcon__1p1Xl Icon_systemIcon_medium__VmCFz IconButton_icon__1J4sN"
         viewbox="0 0 24 24"
         focusable="false"
         aria-labelledby="svgtitle-:r2:"
         aria-hidden="false"
         role="img"
    >
      <title id="svgtitle-:r2:">
        Hjelp
      </title>
      <path d="M10 19h3v3h-3v-3Zm2-17c5.35.22 7.68 5.62 4.5 9.67-.83 1-2.17 1.66-2.83 2.5C13 15 13 16 13 17h-3c0-1.67 0-3.08.67-4.08.66-1 2-1.59 2.83-2.25C15.92 8.43 15.32 5.26 12 5a3 3 0 0 0-3 3H6a6 6 0 0 1 6-6Z">
      </path>
    </svg>
  </button>
  <div class="Help_description__niabw">
    En liten beskrivelse
  </div>
</div>
`;

exports[`Tester/Help (intern) WithHelptext play-test 1`] = `
<div data-test-block="true">
  <button class="IconButton_button__mw9sG IconButton_button_extraSmall__3+QfY IconButton_button_outlined__aDbNH Help_helpButton__I0E-6"
          type="button"
          aria-expanded="false"
  >
    <svg class="Icon_systemIcon__1p1Xl Icon_systemIcon_medium__VmCFz IconButton_icon__1J4sN"
         viewbox="0 0 24 24"
         focusable="false"
         aria-labelledby="svgtitle-:r0:"
         aria-hidden="false"
         role="img"
    >
      <title id="svgtitle-:r0:">
        Hjelp
      </title>
      <path d="M10 19h3v3h-3v-3Zm2-17c5.35.22 7.68 5.62 4.5 9.67-.83 1-2.17 1.66-2.83 2.5C13 15 13 16 13 17h-3c0-1.67 0-3.08.67-4.08.66-1 2-1.59 2.83-2.25C15.92 8.43 15.32 5.26 12 5a3 3 0 0 0-3 3H6a6 6 0 0 1 6-6Z">
      </path>
    </svg>
  </button>
</div>
`;

exports[`Tester/Help (intern) WithHideHelp play-test 1`] = `
<div data-test-block="true">
  <button class="IconButton_button__mw9sG IconButton_button_extraSmall__3+QfY IconButton_button_outlined__aDbNH Help_helpButton__I0E-6 Help_srOnly__svaKL"
          type="button"
          aria-expanded="false"
  >
    <svg class="Icon_systemIcon__1p1Xl Icon_systemIcon_medium__VmCFz IconButton_icon__1J4sN"
         viewbox="0 0 24 24"
         focusable="false"
         aria-labelledby="svgtitle-:r7:"
         aria-hidden="false"
         role="img"
    >
      <title id="svgtitle-:r7:">
        Hjelp
      </title>
      <path d="M10 19h3v3h-3v-3Zm2-17c5.35.22 7.68 5.62 4.5 9.67-.83 1-2.17 1.66-2.83 2.5C13 15 13 16 13 17h-3c0-1.67 0-3.08.67-4.08.66-1 2-1.59 2.83-2.25C15.92 8.43 15.32 5.26 12 5a3 3 0 0 0-3 3H6a6 6 0 0 1 6-6Z">
      </path>
    </svg>
  </button>
  <div class="Help_description__niabw  Help_srOnly__svaKL">
    En liten beskrivelse
  </div>
</div>
`;

exports[`Tester/Help (intern) WithLongHelpTextAndDescription smoke-test 1`] = `
<div data-test-block="true">
  <button class="IconButton_button__mw9sG IconButton_button_extraSmall__3+QfY IconButton_button_outlined__aDbNH Help_helpButton__I0E-6"
          type="button"
          aria-expanded="false"
  >
    <svg class="Icon_systemIcon__1p1Xl Icon_systemIcon_medium__VmCFz IconButton_icon__1J4sN"
         viewbox="0 0 24 24"
         focusable="false"
         aria-labelledby="svgtitle-:r4:"
         aria-hidden="false"
         role="img"
    >
      <title id="svgtitle-:r4:">
        Hjelp
      </title>
      <path d="M10 19h3v3h-3v-3Zm2-17c5.35.22 7.68 5.62 4.5 9.67-.83 1-2.17 1.66-2.83 2.5C13 15 13 16 13 17h-3c0-1.67 0-3.08.67-4.08.66-1 2-1.59 2.83-2.25C15.92 8.43 15.32 5.26 12 5a3 3 0 0 0-3 3H6a6 6 0 0 1 6-6Z">
      </path>
    </svg>
  </button>
  <div class="Help_description__niabw">
    Loremipsumdolorsitamet.Allesomharlagetennettside,trengtlittfylltekstellerbaresurfetrundtp√•nettetharantageligvissettdisseordene,etterfulgtaventilsynelatendeeviglangtekstfyltmedlatinskeliksomsetninger.
  </div>
</div>
`;
